// Jest Snapshot v1, https://goo.gl/fbAQLP

exports[`RushConfirmation Component Matches the snapshot 1`] = `<DocumentFragment />`;
