// Jest Snapshot v1, https://goo.gl/fbAQLP

exports[`Home Component matches the snapshot 1`] = `
<DocumentFragment>
  <main>
    <header>
      <nav
        class="container-fluid navbar navbar-expand-lg navbar-dark"
      >
        <div
          aria-labelledby="title"
          class="navbar-brand pointer"
        />
        <img
          alt="B.C. Government Logo"
          class="img-fluid d-none d-md-block pointer"
          height="44"
          role="presentation"
          src="undefined/images/bcid-logo-rev-en.svg"
          width="181"
        />
        <img
          alt="B.C. Government Logo"
          class="img-fluid d-md-none pointer"
          height="44"
          role="presentation"
          src="undefined/images/bcid-symbol-rev.svg"
          width="64"
        />
        <div
          aria-labelledby="title"
          class="pointer navbar-brand nav-item nav-link"
        />
        <div
          class="navbar-brand"
          id="title"
        >
          eFiling Demo Client
        </div>
      </nav>
    </header>
    <div
      class="page"
    >
      <div
        class="content col-md-12"
      >
        <div>
          <label
            class="label"
            for="textInputId"
          >
            <div
              class="input-label"
            >
              Account GUID
            </div>
            <span
              class="mandatory"
              id="asterisk"
            >
              *
            </span>
            Â 
            <span
              class="note"
            />
          </label>
          <input
            class="editable-white"
            id="textInputId"
            placeholder="77da92db-0791-491e-8c58-1a969e67d2fa"
            type="text"
            value=""
          />
          <br />
          <span
            class="error"
          />
        </div>
        <br />
        <div>
          <button
            class="normal-blue btn"
            data-test-id="generate-url-btn"
            type="button"
          >
            Generate URL
          </button>
        </div>
        <br />
      </div>
    </div>
    <footer
      class="footer"
    >
      <nav
        class="navbar navbar-expand-sm navbar-dark justify-content-end"
      >
        <button
          class="navbar-toggler"
          data-target="#footerBar"
          data-toggle="collapse"
          type="button"
        >
          <span
            class="navbar-toggler-icon"
          />
        </button>
        <div
          class="collapse navbar-collapse flex-grow-0"
          id="footerBar"
        >
          <ul
            class="navbar-nav text-right"
          >
            <li
              class="nav-item m-1"
            >
              <a
                class="nav-link"
                href="https://www2.gov.bc.ca"
                rel="noopener noreferrer"
                target="_blank"
              >
                BC Government
              </a>
            </li>
            <li
              class="nav-item m-1"
            >
              <a
                class="nav-link"
                href="https://www2.gov.bc.ca/gov/content/home/disclaimer"
                rel="noopener noreferrer"
                target="_blank"
              >
                Disclaimer
              </a>
            </li>
            <li
              class="nav-item m-1"
            >
              <a
                class="nav-link"
                href="https://www2.gov.bc.ca/gov/content/home/privacy"
                rel="noopener noreferrer"
                target="_blank"
              >
                Privacy
              </a>
            </li>
            <li
              class="nav-item m-1"
            >
              <a
                class="nav-link"
                href="https://www2.gov.bc.ca/gov/content/home/accessibility"
                rel="noopener noreferrer"
                target="_blank"
              >
                Accessibility
              </a>
            </li>
            <li
              class="nav-item m-1"
            >
              <a
                class="nav-link"
                href="https://www2.gov.bc.ca/gov/content/home/copyright"
                rel="noopener noreferrer"
                target="_blank"
              >
                Copyright
              </a>
            </li>
          </ul>
        </div>
      </nav>
    </footer>
  </main>
</DocumentFragment>
`;
