// Jest Snapshot v1, https://goo.gl/fbAQLP

exports[`PartyList Component Matches snapshot 1`] = `
<DocumentFragment>
  <div
    class="ct-party-list"
  >
    <div
      class="header"
    >
      <span
        class="d-none d-lg-inline col-lg-6"
      >
        Name
      </span>
      <span
        class="d-none d-lg-inline col-lg-3"
      >
        Party Role
      </span>
      <span
        class="d-none d-lg-inline col-lg-3"
      >
        Party Type
      </span>
    </div>
    <ul>
      <li>
        <span
          class="col-sm-12 col-lg-6"
        >
          <svg
            color="#FCBA19"
            fill="currentColor"
            height="30"
            stroke="currentColor"
            stroke-width="0"
            style="color: rgb(252, 186, 25);"
            viewBox="0 0 24 24"
            width="30"
            xmlns="http://www.w3.org/2000/svg"
          >
            <path
              d="M12 5.9c1.16 0 2.1.94 2.1 2.1s-.94 2.1-2.1 2.1S9.9 9.16 9.9 8s.94-2.1 2.1-2.1m0 9c2.97 0 6.1 1.46 6.1 2.1v1.1H5.9V17c0-.64 3.13-2.1 6.1-2.1M12 4C9.79 4 8 5.79 8 8s1.79 4 4 4 4-1.79 4-4-1.79-4-4-4zm0 9c-2.67 0-8 1.34-8 4v3h16v-3c0-2.66-5.33-4-8-4z"
            />
          </svg>
          Ross, Bob Q
        </span>
        <span
          class="label col-sm-4 d-lg-none"
        >
          Party Role:
        </span>
        <span
          class="col-sm-8 col-lg-3"
        >
          Applicant
        </span>
        <span
          class="label col-sm-4 d-lg-none"
        >
          Party Type:
        </span>
        <span
          class="col-sm-8 col-lg-3"
        >
          Individual
        </span>
      </li>
      <li>
        <span
          class="col-sm-12 col-lg-6"
        >
          <svg
            enable-background="new 0 0 48 48"
            fill="currentColor"
            height="30"
            stroke="currentColor"
            stroke-width="0"
            version="1"
            viewBox="0 0 48 48"
            width="30"
            xmlns="http://www.w3.org/2000/svg"
          >
            <path
              d="M42,42H6V10c0-2.2,1.8-4,4-4h28c2.2,0,4,1.8,4,4V42z"
              fill="#90CAF9"
            />
            <rect
              fill="#64B5F6"
              height="2"
              width="36"
              x="6"
              y="42"
            />
            <g
              fill="#1565C0"
            >
              <rect
                height="5"
                width="6"
                x="31"
                y="27"
              />
              <rect
                height="5"
                width="6"
                x="21"
                y="27"
              />
              <rect
                height="5"
                width="6"
                x="11"
                y="27"
              />
              <rect
                height="5"
                width="6"
                x="31"
                y="35"
              />
              <rect
                height="5"
                width="6"
                x="11"
                y="35"
              />
              <rect
                height="5"
                width="6"
                x="31"
                y="19"
              />
              <rect
                height="5"
                width="6"
                x="21"
                y="19"
              />
              <rect
                height="5"
                width="6"
                x="11"
                y="19"
              />
              <rect
                height="5"
                width="6"
                x="31"
                y="11"
              />
              <rect
                height="5"
                width="6"
                x="21"
                y="11"
              />
              <rect
                height="5"
                width="6"
                x="11"
                y="11"
              />
              <rect
                height="9"
                width="6"
                x="21"
                y="35"
              />
            </g>
          </svg>
          The Q Continuum
        </span>
        <span
          class="label col-sm-4 d-lg-none"
        >
          Party Role:
        </span>
        <span
          class="col-sm-8 col-lg-3"
        >
          Applicant
        </span>
        <span
          class="label col-sm-4 d-lg-none"
        >
          Party Type:
        </span>
        <span
          class="col-sm-8 col-lg-3"
        >
          Organization
        </span>
      </li>
    </ul>
  </div>
</DocumentFragment>
`;
