// Jest Snapshot v1, https://goo.gl/fbAQLP

exports[`PartyList Component Matches snapshot 1`] = `
<DocumentFragment>
  <div
    class="ct-payment-list"
  >
    <table
      class="payment-table table table-borderless"
    >
      <thead>
        <tr>
          <th
            scope="col"
          >
            Document
          </th>
          <th
            class="text-right"
            scope="col"
          >
            Statutory Fee
          </th>
          <th
            class="text-right"
            scope="col"
          >
            Fees Charged to Date
          </th>
        </tr>
      </thead>
      <tbody>
        <tr>
          <td />
          <td
            class=" text-right"
          >
            $0.00
          </td>
          <td
            class="text-right"
          >
            Exempt
          </td>
          <td />
        </tr>
        <tr>
          <td />
          <td
            class=" text-right"
          >
            $7.00
          </td>
          <td
            class="text-right"
          >
            $7.00
          </td>
          <td />
        </tr>
        <tr>
          <td />
          <td
            class=" text-right"
          >
            $7.00
          </td>
          <td
            class="text-right"
          >
            Pending
          </td>
          <td />
        </tr>
        <tr>
          <td
            class="text-right"
          >
            Subtotal: 
          </td>
          <td
            class="sub-table top-border"
          >
            $14.00
          </td>
          <td
            class="sub-table top-border"
          >
            $7.00
          </td>
          <td />
        </tr>
        <tr>
          <td
            class="text-right"
          >
            CSO Fees: 
          </td>
          <td
            class="sub-table"
          >
            $7.00
          </td>
          <td
            class="sub-table"
          >
            $7.00
          </td>
          <td />
        </tr>
        <tr>
          <td
            class="text-right"
          >
            Total Fees: 
          </td>
          <td
            class="sub-table"
          >
            $21.00
          </td>
          <td
            class="sub-table"
          >
            $14.00
          </td>
          <td />
        </tr>
      </tbody>
    </table>
    <div
      class="d-flex justify-content-end"
    >
      <span
        class="file-href"
        role="button"
      >
        View receipt
      </span>
      <svg
        class="align-icon"
        color="#7F7F7F"
        fill="currentColor"
        height="24"
        stroke="currentColor"
        stroke-width="0"
        style="color: rgb(127, 127, 127);"
        viewBox="0 0 24 24"
        width="24"
        xmlns="http://www.w3.org/2000/svg"
      >
        <path
          d="M19 8H5c-1.66 0-3 1.34-3 3v6h4v4h12v-4h4v-6c0-1.66-1.34-3-3-3zm-3 11H8v-5h8v5zm3-7c-.55 0-1-.45-1-1s.45-1 1-1 1 .45 1 1-.45 1-1 1zm-1-9H6v4h12V3z"
        />
      </svg>
    </div>
  </div>
</DocumentFragment>
`;
