// Jest Snapshot v1, https://goo.gl/fbAQLP

exports[`Footer Component Link element renders the link and matches the snapshot 1`] = `
<li
  className="nav-item m-1"
>
  <a
    className="nav-link"
    href="example.com"
    rel="noopener noreferrer"
    target="_blank"
  >
    Example
  </a>
</li>
`;

exports[`Footer Component Matches the snapshot 1`] = `
<footer
  className="footer"
>
  <nav
    className="navbar navbar-expand-sm navbar-dark justify-content-end"
  >
    <button
      className="navbar-toggler"
      data-target="#footerBar"
      data-toggle="collapse"
      type="button"
    >
      <span
        className="navbar-toggler-icon"
      />
    </button>
    <div
      className="collapse navbar-collapse flex-grow-0"
      id="footerBar"
    >
      <ul
        className="navbar-nav text-right"
      >
        <li
          className="nav-item m-1"
        >
          <a
            className="nav-link"
            href="https://www2.gov.bc.ca"
            rel="noopener noreferrer"
            target="_blank"
          >
            BC Government
          </a>
        </li>
        <li
          className="nav-item m-1"
        >
          <a
            className="nav-link"
            href="https://www2.gov.bc.ca/gov/content/home/disclaimer"
            rel="noopener noreferrer"
            target="_blank"
          >
            Disclaimer
          </a>
        </li>
        <li
          className="nav-item m-1"
        >
          <a
            className="nav-link"
            href="https://www2.gov.bc.ca/gov/content/home/privacy"
            rel="noopener noreferrer"
            target="_blank"
          >
            Privacy
          </a>
        </li>
        <li
          className="nav-item m-1"
        >
          <a
            className="nav-link"
            href="https://www2.gov.bc.ca/gov/content/home/accessibility"
            rel="noopener noreferrer"
            target="_blank"
          >
            Accessibility
          </a>
        </li>
        <li
          className="nav-item m-1"
        >
          <a
            className="nav-link"
            href="https://www2.gov.bc.ca/gov/content/home/copyright"
            rel="noopener noreferrer"
            target="_blank"
          >
            Copyright
          </a>
        </li>
      </ul>
    </div>
  </nav>
</footer>
`;
