// Jest Snapshot v1, https://goo.gl/fbAQLP

exports[`DocumentList Component Testsuite Matches the snapshot 1`] = `
<DocumentFragment>
  <div>
    <div
      class="header"
    >
      <span
        class="d-none d-lg-inline col-lg-3"
      >
        Document Type
      </span>
      <span
        class="d-none d-lg-inline col-lg-4"
      >
        File Name
      </span>
      <span
        class="d-none d-lg-inline col-lg-3"
      >
        Status
      </span>
      <span
        class="d-none d-lg-inline col-lg-2"
      >
        Action (s)
      </span>
    </div>
    <ul>
      <li>
        <span
          class="label col-sm-4 d-lg-none"
        >
          Document Type:
        </span>
        <span
          class="col-sm-8 col-lg-3"
        />
        <span
          class="label col-sm-4 d-lg-none"
        >
          File Name:
        </span>
        <span
          class="col-sm-8 col-lg-4 file-cell"
        >
          <span
            class="file-href"
            role="button"
            tabindex="0"
          >
            test-document.pdf
          </span>
        </span>
        <span
          class="label col-sm-4 d-lg-none"
        >
          Status:
        </span>
        <span
          class="col-sm-8 col-lg-3"
        >
          Submitted
        </span>
        <span
          class="label col-sm-4 d-lg-none"
        >
          Action (s):
        </span>
        <span
          class="col-sm-8 col-lg-2 file-cell"
        >
          <span
            class="file-href"
            id="withdraw_1"
            role="button"
            tabindex="0"
          >
            withdraw
          </span>
          <svg
            fill="currentColor"
            height="1em"
            id="withdraw-tooltip"
            stroke="currentColor"
            stroke-width="0"
            style="color: rgb(117, 152, 202); font-size: 20px; margin-left: 10px;"
            viewBox="0 0 24 24"
            width="1em"
            xmlns="http://www.w3.org/2000/svg"
          >
            <path
              d="M12 2C6.48 2 2 6.48 2 12s4.48 10 10 10 10-4.48 10-10S17.52 2 12 2zm1 17h-2v-2h2v2zm2.07-7.75l-.9.92C13.45 12.9 13 13.5 13 15h-2v-.5c0-1.1.45-2.1 1.17-2.83l1.24-1.26c.37-.36.59-.86.59-1.41 0-1.1-.9-2-2-2s-2 .9-2 2H8c0-2.21 1.79-4 4-4s4 1.79 4 4c0 .88-.36 1.68-.93 2.25z"
            />
          </svg>
          <div
            class="bcgov-withdraw-tooltip "
          />
        </span>
      </li>
    </ul>
  </div>
</DocumentFragment>
`;
