// Jest Snapshot v1, https://goo.gl/fbAQLP

exports[`RushConfirmation Component Matches the snapshot 1`] = `
<DocumentFragment>
  <div
    class="ct-file-list "
  >
    <div
      class="header"
    >
      <span
        class="d-none d-lg-inline col-lg-6"
      >
        Document Name
      </span>
      <span
        class="d-none d-lg-inline col-lg-3"
      >
        Action
      </span>
    </div>
    <ul>
      <li>
        <span
          class="file-href col-md-12 col-lg-6"
          data-test-id="uploaded-file"
          role="button"
          tabindex="0"
        >
          <svg
            color="#FCBA19"
            fill="currentColor"
            height="30"
            stroke="currentColor"
            stroke-width="0"
            style="color: rgb(252, 186, 25);"
            viewBox="0 0 24 24"
            width="30"
            xmlns="http://www.w3.org/2000/svg"
          >
            <path
              d="M14 2H6c-1.1 0-1.99.9-1.99 2L4 20c0 1.1.89 2 1.99 2H18c1.1 0 2-.9 2-2V8l-6-6zm2 16H8v-2h8v2zm0-4H8v-2h8v2zm-3-5V3.5L18.5 9H13z"
            />
          </svg>
          file name 1
        </span>
        <span
          class="col-md-5 d-lg-none"
        >
          Statutory Fee:
        </span>
      </li>
      <li>
        <span
          class="file-href col-md-12 col-lg-6"
          data-test-id="uploaded-file"
          role="button"
          tabindex="0"
        >
          <svg
            color="#FCBA19"
            fill="currentColor"
            height="30"
            stroke="currentColor"
            stroke-width="0"
            style="color: rgb(252, 186, 25);"
            viewBox="0 0 24 24"
            width="30"
            xmlns="http://www.w3.org/2000/svg"
          >
            <path
              d="M14 2H6c-1.1 0-1.99.9-1.99 2L4 20c0 1.1.89 2 1.99 2H18c1.1 0 2-.9 2-2V8l-6-6zm2 16H8v-2h8v2zm0-4H8v-2h8v2zm-3-5V3.5L18.5 9H13z"
            />
          </svg>
          file name 2
        </span>
        <span
          class="col-md-5 d-lg-none"
        >
          Statutory Fee:
        </span>
      </li>
    </ul>
  </div>
</DocumentFragment>
`;
